Startpoint: A[3] (input port clocked by clk)
Endpoint: B0.B0.OUT[0].FF (rising edge-triggered flip-flop clocked by clk)
Path Group: clk
Path Type: max

    Fanout        Cap      Delay       Time   Description
-----------------------------------------------------------------------------------
                            0.00       0.00   clock clk (rise edge)               
                            0.00       0.00   clock network delay (ideal)         
                            0.00       0.00 v input external delay                
                            0.00       0.00 v A[3] (in)                           
         1       0.00                         A[3] (net)                          
                            0.00       0.00 v ABUF[3]/A (sky130_fd_sc_hd__clkbuf_2)
                                    
                            0.10       0.10 v ABUF[3]/X (sky130_fd_sc_hd__clkbuf_2)
                                    
         4       0.01                         A_buf[3] (net)                      
                            0.00       0.10 v B0.ABUF[3]/A (sky130_fd_sc_hd__clkbuf_2)
                                    
                            0.11       0.21 v B0.ABUF[3]/X (sky130_fd_sc_hd__clkbuf_2)
                                    
         4       0.01                         B0.A_buf[3] (net)                   
                            0.00       0.21 v B0.B0.ABUF[3]/A (sky130_fd_sc_hd__clkbuf_2)
                                    
                            0.13       0.34 v B0.B0.ABUF[3]/X (sky130_fd_sc_hd__clkbuf_2)
                                    
         4       0.01                         B0.B0.A_buf[3] (net)                
                            0.00       0.34 v B0.B0.DEC.AND2/A_N (sky130_fd_sc_hd__and3b_4)
                                    
                            0.28       0.62 ^ B0.B0.DEC.AND2/X (sky130_fd_sc_hd__and3b_4)
                                    
         1       0.00                         B0.B0.DEC.SEL[2] (net)              
                            0.00       0.62 ^ B0.B0.SLICE[2].RAM8x32.DEC.ENBUF/A (sky130_fd_sc_hd__clkbuf_2)
                                    
                            0.13       0.75 ^ B0.B0.SLICE[2].RAM8x32.DEC.ENBUF/X (sky130_fd_sc_hd__clkbuf_2)
                                    
         8       0.01                         B0.B0.SLICE[2].RAM8x32.DEC.EN_buf (net)
                                    
                            0.00       0.75 ^ B0.B0.SLICE[2].RAM8x32.DEC.AND3/D (sky130_fd_sc_hd__and4b_2)
                                    
                            0.22       0.97 ^ B0.B0.SLICE[2].RAM8x32.DEC.AND3/X (sky130_fd_sc_hd__and4b_2)
                                    
         1       0.00                         B0.B0.SLICE[2].RAM8x32.DEC.SEL[3] (net)
                                    
                            0.00       0.97 ^ B0.B0.SLICE[2].RAM8x32.WORD[3].W.SELBUF/A (sky130_fd_sc_hd__clkbuf_2)
                                    
                            0.14       1.11 ^ B0.B0.SLICE[2].RAM8x32.WORD[3].W.SELBUF/X (sky130_fd_sc_hd__clkbuf_2)
                                    
         8       0.02                         B0.B0.SLICE[2].RAM8x32.WORD[3].W.B0.SEL (net)
                                    
                            0.00       1.11 ^ B0.B0.SLICE[2].RAM8x32.WORD[3].W.B0.SELINV/A (sky130_fd_sc_hd__inv_1)
                                    
                            0.15       1.25 v B0.B0.SLICE[2].RAM8x32.WORD[3].W.B0.SELINV/Y (sky130_fd_sc_hd__inv_1)
                                    
         8       0.03                         B0.B0.SLICE[2].RAM8x32.WORD[3].W.B0.SEL_B (net)
                                    
                            0.00       1.25 v B0.B0.SLICE[2].RAM8x32.WORD[3].W.B0.BIT[0].OBUF/TE_B (sky130_fd_sc_hd__ebufn_2)
                                    
                            1.62       2.87 ^ B0.B0.SLICE[2].RAM8x32.WORD[3].W.B0.BIT[0].OBUF/Z (sky130_fd_sc_hd__ebufn_2)
                                    
         1       0.18                         B0.B0.Do_pre[0] (net)               
                            0.00       2.87 ^ B0.B0.OUT[0].FF/D (sky130_fd_sc_hd__dfxtp_1)
                                    
                                       2.87   data arrival time                   

                            0.00       0.00   clock clk (rise edge)               
                            0.00       0.00   clock network delay (ideal)         
                            0.00       0.00   clock reconvergence pessimism       
                                       0.00 ^ B0.B0.OUT[0].FF/CLK (sky130_fd_sc_hd__dfxtp_1)
                                    
                           -0.29      -0.29   library setup time                  
                                      -0.29   data required time                  
-----------------------------------------------------------------------------------
                                      -0.29   data required time                  
                                      -2.87   data arrival time                   
-----------------------------------------------------------------------------------
                                      -3.16   slack (VIOLATED)                    


Startpoint: A[3] (input port clocked by clk)
Endpoint: B0.B0.OUT[10].FF (rising edge-triggered flip-flop clocked by clk)
Path Group: clk
Path Type: max

    Fanout        Cap      Delay       Time   Description
-----------------------------------------------------------------------------------
                            0.00       0.00   clock clk (rise edge)               
                            0.00       0.00   clock network delay (ideal)         
                            0.00       0.00 v input external delay                
                            0.00       0.00 v A[3] (in)                           
         1       0.00                         A[3] (net)                          
                            0.00       0.00 v ABUF[3]/A (sky130_fd_sc_hd__clkbuf_2)
                                    
                            0.10       0.10 v ABUF[3]/X (sky130_fd_sc_hd__clkbuf_2)
                                    
         4       0.01                         A_buf[3] (net)                      
                            0.00       0.10 v B0.ABUF[3]/A (sky130_fd_sc_hd__clkbuf_2)
                                    
                            0.11       0.21 v B0.ABUF[3]/X (sky130_fd_sc_hd__clkbuf_2)
                                    
         4       0.01                         B0.A_buf[3] (net)                   
                            0.00       0.21 v B0.B0.ABUF[3]/A (sky130_fd_sc_hd__clkbuf_2)
                                    
                            0.13       0.34 v B0.B0.ABUF[3]/X (sky130_fd_sc_hd__clkbuf_2)
                                    
         4       0.01                         B0.B0.A_buf[3] (net)                
                            0.00       0.34 v B0.B0.DEC.AND2/A_N (sky130_fd_sc_hd__and3b_4)
                                    
                            0.28       0.62 ^ B0.B0.DEC.AND2/X (sky130_fd_sc_hd__and3b_4)
                                    
         1       0.00                         B0.B0.DEC.SEL[2] (net)              
                            0.00       0.62 ^ B0.B0.SLICE[2].RAM8x32.DEC.ENBUF/A (sky130_fd_sc_hd__clkbuf_2)
                                    
                            0.13       0.75 ^ B0.B0.SLICE[2].RAM8x32.DEC.ENBUF/X (sky130_fd_sc_hd__clkbuf_2)
                                    
         8       0.01                         B0.B0.SLICE[2].RAM8x32.DEC.EN_buf (net)
                                    
                            0.00       0.75 ^ B0.B0.SLICE[2].RAM8x32.DEC.AND3/D (sky130_fd_sc_hd__and4b_2)
                                    
                            0.22       0.97 ^ B0.B0.SLICE[2].RAM8x32.DEC.AND3/X (sky130_fd_sc_hd__and4b_2)
                                    
         1       0.00                         B0.B0.SLICE[2].RAM8x32.DEC.SEL[3] (net)
                                    
                            0.00       0.97 ^ B0.B0.SLICE[2].RAM8x32.WORD[3].W.SELBUF/A (sky130_fd_sc_hd__clkbuf_2)
                                    
                            0.14       1.11 ^ B0.B0.SLICE[2].RAM8x32.WORD[3].W.SELBUF/X (sky130_fd_sc_hd__clkbuf_2)
                                    
         8       0.02                         B0.B0.SLICE[2].RAM8x32.WORD[3].W.B0.SEL (net)
                                    
                            0.00       1.11 ^ B0.B0.SLICE[2].RAM8x32.WORD[3].W.B1.SELINV/A (sky130_fd_sc_hd__inv_1)
                                    
                            0.15       1.25 v B0.B0.SLICE[2].RAM8x32.WORD[3].W.B1.SELINV/Y (sky130_fd_sc_hd__inv_1)
                                    
         8       0.03                         B0.B0.SLICE[2].RAM8x32.WORD[3].W.B1.SEL_B (net)
                                    
                            0.00       1.25 v B0.B0.SLICE[2].RAM8x32.WORD[3].W.B1.BIT[2].OBUF/TE_B (sky130_fd_sc_hd__ebufn_2)
                                    
                            1.62       2.87 ^ B0.B0.SLICE[2].RAM8x32.WORD[3].W.B1.BIT[2].OBUF/Z (sky130_fd_sc_hd__ebufn_2)
                                    
         1       0.18                         B0.B0.Do_pre[10] (net)              
                            0.00       2.87 ^ B0.B0.OUT[10].FF/D (sky130_fd_sc_hd__dfxtp_1)
                                    
                                       2.87   data arrival time                   

                            0.00       0.00   clock clk (rise edge)               
                            0.00       0.00   clock network delay (ideal)         
                            0.00       0.00   clock reconvergence pessimism       
                                       0.00 ^ B0.B0.OUT[10].FF/CLK (sky130_fd_sc_hd__dfxtp_1)
                                    
                           -0.29      -0.29   library setup time                  
                                      -0.29   data required time                  
-----------------------------------------------------------------------------------
                                      -0.29   data required time                  
                                      -2.87   data arrival time                   
-----------------------------------------------------------------------------------
                                      -3.16   slack (VIOLATED)                    


